    18>D:\projects\misis2026-check\misis2026s-25-00-polevoi-d-v.git\prj.labs\jaggeda\jaggeda.hpp(27,32): warning C4228: nonstandard extension used: qualifiers after comma in declarator list are ignored [D:\projects\misis2026-check\misis2026s-25-00-polevoi-d-v.git\build.check\prj.check\prj.check\doctest_jaggeda\doctest_jaggeda.vcxproj]
    18>D:\projects\misis2026-check\misis2026s-25-00-polevoi-d-v.git\prj.labs\jaggeda\jaggeda.hpp(29,3): warning C4869: 'nodiscard' may only be applied to classes, enumerations, and functions [D:\projects\misis2026-check\misis2026s-25-00-polevoi-d-v.git\build.check\prj.check\prj.check\doctest_jaggeda\doctest_jaggeda.vcxproj]
    18>D:\projects\misis2026-check\misis2026s-25-00-polevoi-d-v.git\prj.labs\jaggeda\jaggeda.hpp(30,3): warning C4869: 'nodiscard' may only be applied to classes, enumerations, and functions [D:\projects\misis2026-check\misis2026s-25-00-polevoi-d-v.git\build.check\prj.check\prj.check\doctest_jaggeda\doctest_jaggeda.vcxproj]
    18>D:\projects\misis2026-check\misis2026s-25-00-polevoi-d-v.git\prj.labs\jaggeda\jaggeda.hpp(32,32): warning C4228: nonstandard extension used: qualifiers after comma in declarator list are ignored [D:\projects\misis2026-check\misis2026s-25-00-polevoi-d-v.git\build.check\prj.check\prj.check\doctest_jaggeda\doctest_jaggeda.vcxproj]
    18>D:\projects\misis2026-check\misis2026s-25-00-polevoi-d-v.git\prj.labs\jaggeda\jaggeda.hpp(37,32): warning C4228: nonstandard extension used: qualifiers after comma in declarator list are ignored [D:\projects\misis2026-check\misis2026s-25-00-polevoi-d-v.git\build.check\prj.check\prj.check\doctest_jaggeda\doctest_jaggeda.vcxproj]
    18>D:\projects\misis2026-check\misis2026s-25-00-polevoi-d-v.git\prj.labs\jaggeda\jaggeda.hpp(38,32): warning C4228: nonstandard extension used: qualifiers after comma in declarator list are ignored [D:\projects\misis2026-check\misis2026s-25-00-polevoi-d-v.git\build.check\prj.check\prj.check\doctest_jaggeda\doctest_jaggeda.vcxproj]
     6>D:\projects\misis2026-check\misis2026s-25-00-polevoi-d-v.git\prj.check\prj.check\doctest_t.hpp(70,20): warning C4244: 'argument': conversion from 'double' to 'const QueueA::T', possible loss of data [D:\projects\misis2026-check\misis2026s-25-00-polevoi-d-v.git\build.check\prj.check\prj.check\doctest_queuea\doctest_queuea_m.vcxproj]
     6>D:\projects\misis2026-check\misis2026s-25-00-polevoi-d-v.git\prj.check\prj.check\doctest_t.hpp(27,29): warning C4244: '=': conversion from '_Rep' to '_Ty', possible loss of data [D:\projects\misis2026-check\misis2026s-25-00-polevoi-d-v.git\build.check\prj.check\prj.check\doctest_queuea\doctest_queuea_m.vcxproj]
D:\projects\misis2026-check\misis2026s-25-00-polevoi-d-v.git\prj.check\prj.check\doctest_t.hpp(27,29): warning C4244:         with [D:\projects\misis2026-check\misis2026s-25-00-polevoi-d-v.git\build.check\prj.check\prj.check\doctest_queuea\doctest_queuea_m.vcxproj]
D:\projects\misis2026-check\misis2026s-25-00-polevoi-d-v.git\prj.check\prj.check\doctest_t.hpp(27,29): warning C4244:         [ [D:\projects\misis2026-check\misis2026s-25-00-polevoi-d-v.git\build.check\prj.check\prj.check\doctest_queuea\doctest_queuea_m.vcxproj]
D:\projects\misis2026-check\misis2026s-25-00-polevoi-d-v.git\prj.check\prj.check\doctest_t.hpp(27,29): warning C4244:             _Rep=double [D:\projects\misis2026-check\misis2026s-25-00-polevoi-d-v.git\build.check\prj.check\prj.check\doctest_queuea\doctest_queuea_m.vcxproj]
D:\projects\misis2026-check\misis2026s-25-00-polevoi-d-v.git\prj.check\prj.check\doctest_t.hpp(27,29): warning C4244:         ] [D:\projects\misis2026-check\misis2026s-25-00-polevoi-d-v.git\build.check\prj.check\prj.check\doctest_queuea\doctest_queuea_m.vcxproj]
D:\projects\misis2026-check\misis2026s-25-00-polevoi-d-v.git\prj.check\prj.check\doctest_t.hpp(27,29): warning C4244:         and [D:\projects\misis2026-check\misis2026s-25-00-polevoi-d-v.git\build.check\prj.check\prj.check\doctest_queuea\doctest_queuea_m.vcxproj]
D:\projects\misis2026-check\misis2026s-25-00-polevoi-d-v.git\prj.check\prj.check\doctest_t.hpp(27,29): warning C4244:         [ [D:\projects\misis2026-check\misis2026s-25-00-polevoi-d-v.git\build.check\prj.check\prj.check\doctest_queuea\doctest_queuea_m.vcxproj]
D:\projects\misis2026-check\misis2026s-25-00-polevoi-d-v.git\prj.check\prj.check\doctest_t.hpp(27,29): warning C4244:             _Ty=int64_t [D:\projects\misis2026-check\misis2026s-25-00-polevoi-d-v.git\build.check\prj.check\prj.check\doctest_queuea\doctest_queuea_m.vcxproj]
D:\projects\misis2026-check\misis2026s-25-00-polevoi-d-v.git\prj.check\prj.check\doctest_t.hpp(27,29): warning C4244:         ] [D:\projects\misis2026-check\misis2026s-25-00-polevoi-d-v.git\build.check\prj.check\prj.check\doctest_queuea\doctest_queuea_m.vcxproj]
    22>D:\projects\misis2026-check\misis2026s-25-00-polevoi-d-v.git\prj.check\prj.check\doctest_t.hpp(70,20): warning C4244: 'argument': conversion from 'double' to 'const QueueL::T', possible loss of data [D:\projects\misis2026-check\misis2026s-25-00-polevoi-d-v.git\build.check\prj.check\prj.check\doctest_queuel\doctest_queuel_m.vcxproj]
    22>D:\projects\misis2026-check\misis2026s-25-00-polevoi-d-v.git\prj.check\prj.check\doctest_t.hpp(27,29): warning C4244: '=': conversion from '_Rep' to '_Ty', possible loss of data [D:\projects\misis2026-check\misis2026s-25-00-polevoi-d-v.git\build.check\prj.check\prj.check\doctest_queuel\doctest_queuel_m.vcxproj]
D:\projects\misis2026-check\misis2026s-25-00-polevoi-d-v.git\prj.check\prj.check\doctest_t.hpp(27,29): warning C4244:         with [D:\projects\misis2026-check\misis2026s-25-00-polevoi-d-v.git\build.check\prj.check\prj.check\doctest_queuel\doctest_queuel_m.vcxproj]
D:\projects\misis2026-check\misis2026s-25-00-polevoi-d-v.git\prj.check\prj.check\doctest_t.hpp(27,29): warning C4244:         [ [D:\projects\misis2026-check\misis2026s-25-00-polevoi-d-v.git\build.check\prj.check\prj.check\doctest_queuel\doctest_queuel_m.vcxproj]
D:\projects\misis2026-check\misis2026s-25-00-polevoi-d-v.git\prj.check\prj.check\doctest_t.hpp(27,29): warning C4244:             _Rep=double [D:\projects\misis2026-check\misis2026s-25-00-polevoi-d-v.git\build.check\prj.check\prj.check\doctest_queuel\doctest_queuel_m.vcxproj]
D:\projects\misis2026-check\misis2026s-25-00-polevoi-d-v.git\prj.check\prj.check\doctest_t.hpp(27,29): warning C4244:         ] [D:\projects\misis2026-check\misis2026s-25-00-polevoi-d-v.git\build.check\prj.check\prj.check\doctest_queuel\doctest_queuel_m.vcxproj]
D:\projects\misis2026-check\misis2026s-25-00-polevoi-d-v.git\prj.check\prj.check\doctest_t.hpp(27,29): warning C4244:         and [D:\projects\misis2026-check\misis2026s-25-00-polevoi-d-v.git\build.check\prj.check\prj.check\doctest_queuel\doctest_queuel_m.vcxproj]
D:\projects\misis2026-check\misis2026s-25-00-polevoi-d-v.git\prj.check\prj.check\doctest_t.hpp(27,29): warning C4244:         [ [D:\projects\misis2026-check\misis2026s-25-00-polevoi-d-v.git\build.check\prj.check\prj.check\doctest_queuel\doctest_queuel_m.vcxproj]
D:\projects\misis2026-check\misis2026s-25-00-polevoi-d-v.git\prj.check\prj.check\doctest_t.hpp(27,29): warning C4244:             _Ty=int64_t [D:\projects\misis2026-check\misis2026s-25-00-polevoi-d-v.git\build.check\prj.check\prj.check\doctest_queuel\doctest_queuel_m.vcxproj]
D:\projects\misis2026-check\misis2026s-25-00-polevoi-d-v.git\prj.check\prj.check\doctest_t.hpp(27,29): warning C4244:         ] [D:\projects\misis2026-check\misis2026s-25-00-polevoi-d-v.git\build.check\prj.check\prj.check\doctest_queuel\doctest_queuel_m.vcxproj]
